/Users/v-suraj.kumar/Downloads/DemoProject3 2/src/main/java/com/demo/project/DemoProject.java
/Users/v-suraj.kumar/Downloads/DemoProject3 2/src/main/java/com/demo/project/config/storage/s3Service.java
/Users/v-suraj.kumar/Downloads/DemoProject3 2/src/main/java/com/demo/project/dto/UserDtoThird.java
/Users/v-suraj.kumar/Downloads/DemoProject3 2/src/main/java/com/demo/project/dto/UserDtoSec.java
/Users/v-suraj.kumar/Downloads/DemoProject3 2/src/main/java/com/demo/project/model/Role.java
/Users/v-suraj.kumar/Downloads/DemoProject3 2/src/main/java/com/demo/project/validation/ValidationUtils.java
/Users/v-suraj.kumar/Downloads/DemoProject3 2/src/main/java/com/demo/project/dto/UserDtoOut.java
/Users/v-suraj.kumar/Downloads/DemoProject3 2/src/main/java/com/demo/project/model/User.java
/Users/v-suraj.kumar/Downloads/DemoProject3 2/src/main/java/com/demo/project/model/UserRole.java
/Users/v-suraj.kumar/Downloads/DemoProject3 2/src/main/java/com/demo/project/dto/UserDtoIn.java
/Users/v-suraj.kumar/Downloads/DemoProject3 2/src/main/java/com/demo/project/config/S3config.java
/Users/v-suraj.kumar/Downloads/DemoProject3 2/src/main/java/com/demo/project/controller/FileController.java
/Users/v-suraj.kumar/Downloads/DemoProject3 2/src/main/java/com/demo/project/service/UserService.java
/Users/v-suraj.kumar/Downloads/DemoProject3 2/src/main/java/com/demo/project/service/FileService.java
/Users/v-suraj.kumar/Downloads/DemoProject3 2/src/main/java/com/demo/project/dto/ResponseEntityDto.java
/Users/v-suraj.kumar/Downloads/DemoProject3 2/src/main/java/com/demo/project/dto/DocStatusDto.java
/Users/v-suraj.kumar/Downloads/DemoProject3 2/src/main/java/com/demo/project/repository/FileRepository.java
/Users/v-suraj.kumar/Downloads/DemoProject3 2/src/main/java/com/demo/project/dto/ResponseData2.java
/Users/v-suraj.kumar/Downloads/DemoProject3 2/src/main/java/com/demo/project/repository/UserRepository.java
/Users/v-suraj.kumar/Downloads/DemoProject3 2/src/main/java/com/demo/project/dto/ResponseFile.java
/Users/v-suraj.kumar/Downloads/DemoProject3 2/src/main/java/com/demo/project/model/UserDocs.java
/Users/v-suraj.kumar/Downloads/DemoProject3 2/src/main/java/com/demo/project/service/UserServiceImpl.java
/Users/v-suraj.kumar/Downloads/DemoProject3 2/src/main/java/com/demo/project/healthcheck/HealthCheckUpController.java
/Users/v-suraj.kumar/Downloads/DemoProject3 2/src/main/java/com/demo/project/service/FileServiceImpl.java
/Users/v-suraj.kumar/Downloads/DemoProject3 2/src/main/java/com/demo/project/controller/UserController.java
/Users/v-suraj.kumar/Downloads/DemoProject3 2/src/main/java/com/demo/project/dto/UserStatusDto.java
/Users/v-suraj.kumar/Downloads/DemoProject3 2/src/main/java/com/demo/project/controller/HomeController.java
/Users/v-suraj.kumar/Downloads/DemoProject3 2/src/main/java/com/demo/project/repository/UserRoleRepo.java
/Users/v-suraj.kumar/Downloads/DemoProject3 2/src/main/java/com/demo/project/controller/AdminController.java
/Users/v-suraj.kumar/Downloads/DemoProject3 2/src/main/java/com/demo/project/repository/RoleRepository.java
/Users/v-suraj.kumar/Downloads/DemoProject3 2/src/main/java/com/demo/project/dto/ResponseData.java
/Users/v-suraj.kumar/Downloads/DemoProject3 2/src/main/java/com/demo/project/dto/loginPayload.java
